// Jest Snapshot v1, https://goo.gl/fbAQLP

exports[`ThemedIcon renders correctly 1`] = `<Text />`;
