// Jest Snapshot v1, https://goo.gl/fbAQLP

exports[`ThemedText renders correctly 1`] = `
<Text
  style={
    [
      {
        "color": "#11181C",
      },
      {
        "fontSize": 16,
      },
      undefined,
      undefined,
      undefined,
      undefined,
      undefined,
    ]
  }
>
  Test
</Text>
`;
